// Jest Snapshot v1, https://goo.gl/fbAQLP

exports[`Tests for <Button /> Component Initial rendering should render a proper component 1`] = `ShallowWrapper {}`;
